{
  "cinema_id" : "cinema:1",
  "rooms" : [
    {
      "id" : "cinema.1:room.1",
      "name" : "Room 1"
    },
    {
      "id" : "cinema.1:room.2",
      "name" : "Room 2"
    }
  ]
}