▿ 1 element
  ▿ Attribute
    - code: "2d"
    - id: "attribute:1"
