{
  "items" : [
    {
      "code" : "2d"
    },
    {
      "code" : "3d"
    },
    {
      "code" : "4dx"
    }
  ]
}