▿ 1 element
  ▿ Attribute
    - code: "4dx"
    - id: "attribute:1"
