▿ 2 elements
  ▿ Cinema
    ▿ address: 3 elements
      - "Tomasza Zana 11A"
      - "Lublin"
      - "20-601"
    - id: "cinema:1"
    ▿ location: Location
      - latitude: 51.242958
      - longitude: 22.514032
    - name: "Kino #1"
  ▿ Cinema
    ▿ address: 3 elements
      - "Inflacji Morawieckiego 1"
      - "Lublin"
      - "20-531"
    - id: "cinema:2"
    ▿ location: Location
      - latitude: 51.227173
      - longitude: 22.525791
    - name: "Kino #2"
