▿ 2 elements
  ▿ Movie
    - duration: 147
    - id: "movie:1"
    - title: "Spider-Man. Bez drogi do domu"
    - year: "2021"
  ▿ Movie
    - duration: 148
    - id: "movie:2"
    - title: "Matrix Zmartwychwstania"
    - year: "2021"
